src/features/screenshot-editor/editor/CenterColumn.tsx(266,28): error TS2345: Argument of type '{ x: number; y: number; width: number; height: number; }' is not assignable to parameter of type 'Omit<RedactionArea, "id">'.
  Property 'intensity' is missing in type '{ x: number; y: number; width: number; height: number; }' but required in type 'Omit<RedactionArea, "id">'.
